ssd1306.c:58:6:ssd1306WriteCmd	24	static
ssd1306.c:68:6:SSD1306_ScrollRight	16	static
ssd1306.c:80:6:SSD1306_ScrollLeft	16	static
ssd1306.c:92:6:SSD1306_Scrolldiagright	16	static
ssd1306.c:107:6:SSD1306_Scrolldiagleft	16	static
ssd1306.c:122:6:SSD1306_Stopscroll	8	static
ssd1306.c:127:6:SSD1306_InvertDisplay	16	static
ssd1306.c:137:6:SSD1306_DrawBitmap	32	static
ssd1306.c:162:9:ssd1306Init	16	static
ssd1306.c:235:6:SSD1306_SetInitScreen	8	static
ssd1306.c:244:6:SSD1306_UpdateScreen	16	static
ssd1306.c:260:6:SSD1306_ToggleInvert	16	static
ssd1306.c:274:6:SSD1306_Fill	16	static
ssd1306.c:281:6:SSD1306_DrawPixel	16	static
ssd1306.c:306:6:SSD1306_GotoXY	16	static
ssd1306.c:313:6:SSD1306_Putc	32	static
ssd1306.c:351:6:SSD1306_Puts	24	static
ssd1306.c:371:6:SSD1306_DrawLine	40	static
ssd1306.c:473:6:SSD1306_DrawRectangle	32	static
ssd1306.c:500:6:SSD1306_DrawFilledRectangle	40	static
ssd1306.c:530:6:SSD1306_DrawTriangle	32	static
ssd1306.c:539:6:SSD1306_DrawFilledTriangle	64	static
ssd1306.c:607:6:SSD1306_DrawCircle	40	static
ssd1306.c:644:6:SSD1306_DrawFilledCircle	48	static
ssd1306.c:679:6:SSD1306_Clear	8	static
ssd1306.c:684:6:SSD1306_ON	8	static
ssd1306.c:690:6:SSD1306_OFF	8	static
ssd1306.c:697:13:cliSsd1306	24	static
ssd1306.c:740:6:ssd1306_I2C_Init	16	static
ssd1306.c:755:6:ssd1306_I2C_WriteMulti	280	static
