ssd1306.c:58:6:ssd1306WriteCmd	24	static
ssd1306.c:68:6:SSD1306_ScrollRight	16	static
ssd1306.c:80:6:SSD1306_ScrollLeft	16	static
ssd1306.c:92:6:SSD1306_Scrolldiagright	16	static
ssd1306.c:107:6:SSD1306_Scrolldiagleft	16	static
ssd1306.c:122:6:SSD1306_Stopscroll	8	static
ssd1306.c:127:6:SSD1306_InvertDisplay	16	static
ssd1306.c:137:6:SSD1306_DrawBitmap	32	static
ssd1306.c:162:9:ssd1306Init	16	static
ssd1306.c:234:6:SSD1306_SetInitScreen	8	static
ssd1306.c:243:6:SSD1306_UpdateScreen	16	static
ssd1306.c:259:6:SSD1306_ToggleInvert	16	static
ssd1306.c:273:6:SSD1306_Fill	16	static
ssd1306.c:280:6:SSD1306_DrawPixel	16	static
ssd1306.c:305:6:SSD1306_GotoXY	16	static
ssd1306.c:312:6:SSD1306_Putc	32	static
ssd1306.c:350:6:SSD1306_Puts	24	static
ssd1306.c:370:6:SSD1306_DrawLine	40	static
ssd1306.c:472:6:SSD1306_DrawRectangle	32	static
ssd1306.c:499:6:SSD1306_DrawFilledRectangle	40	static
ssd1306.c:529:6:SSD1306_DrawTriangle	32	static
ssd1306.c:538:6:SSD1306_DrawFilledTriangle	64	static
ssd1306.c:606:6:SSD1306_DrawCircle	40	static
ssd1306.c:643:6:SSD1306_DrawFilledCircle	48	static
ssd1306.c:678:6:SSD1306_Clear	8	static
ssd1306.c:683:6:SSD1306_ON	8	static
ssd1306.c:689:6:SSD1306_OFF	8	static
ssd1306.c:696:13:cliSsd1306	24	static
ssd1306.c:739:6:ssd1306_I2C_Init	16	static
ssd1306.c:754:6:ssd1306_I2C_WriteMulti	280	static
