main.c:94:5:main	56	static
main.c:163:6:SystemClock_Config	120	static
main.c:222:13:MX_ADC3_Init	40	static
main.c:287:13:MX_I2C2_Init	8	static
main.c:333:13:MX_QUADSPI_Init	8	static
main.c:368:13:MX_SDMMC1_SD_Init	8	static
main.c:399:13:MX_SPI1_Init	8	static
main.c:447:13:MX_TIM1_Init	112	static
main.c:527:13:MX_USART1_UART_Init	8	static
main.c:575:13:MX_USART3_UART_Init	8	static
main.c:621:13:MX_BDMA_Init	16	static
main.c:639:13:MX_GPIO_Init	56	static
main.c:703:6:Error_Handler	4	static,ignoring_inline_asm
